ownership_members=1 core_external_dependencies=0
documentation_files=30 local_links=127; no hardware test credit
+ /usr/bin/python3 -m unittest discover -s tests/bootstrap -v
test_corrupt_cached_launcher_is_never_executed_or_silently_replaced (test_contracts.CommandTests.test_corrupt_cached_launcher_is_never_executed_or_silently_replaced) ... ok
test_declared_tool_pins_match_build_files (test_contracts.CommandTests.test_declared_tool_pins_match_build_files) ... ok
test_document_changes_only_select_contracts (test_contracts.CommandTests.test_document_changes_only_select_contracts) ... ok
test_invalid_command_fails (test_contracts.CommandTests.test_invalid_command_fails) ... ok
test_invalid_scope_path_is_rejected (test_contracts.CommandTests.test_invalid_scope_path_is_rejected) ... ok
test_missing_offline_launcher_is_reported (test_contracts.CommandTests.test_missing_offline_launcher_is_reported) ... ok
test_missing_rust_prerequisite_has_actionable_failure (test_contracts.CommandTests.test_missing_rust_prerequisite_has_actionable_failure) ... ok
test_source_identity_mismatch_is_rejected (test_contracts.CommandTests.test_source_identity_mismatch_is_rejected) ... ok
test_toolchain_drift_is_rejected (test_contracts.CommandTests.test_toolchain_drift_is_rejected) ... ok
test_workflow_or_unknown_change_selects_both_languages (test_contracts.CommandTests.test_workflow_or_unknown_change_selects_both_languages) ... ok
test_actual_dependency_free_core_is_accepted (test_contracts.OwnershipTests.test_actual_dependency_free_core_is_accepted) ... ownership_members=1 core_external_dependencies=0
ok
test_build_script_is_rejected (test_contracts.OwnershipTests.test_build_script_is_rejected) ... ok
test_core_cannot_import_application_device_or_adapter (test_contracts.OwnershipTests.test_core_cannot_import_application_device_or_adapter) ... ok
test_dev_dependency_cannot_bypass_ownership (test_contracts.OwnershipTests.test_dev_dependency_cannot_bypass_ownership) ... ok
test_include_or_native_link_requires_review (test_contracts.OwnershipTests.test_include_or_native_link_requires_review) ... ok
test_publishing_is_disabled (test_contracts.OwnershipTests.test_publishing_is_disabled) ... ok
test_renamed_optional_target_dependency_is_not_hidden (test_contracts.OwnershipTests.test_renamed_optional_target_dependency_is_not_hidden) ... ok
test_symlink_to_device_source_is_rejected (test_contracts.OwnershipTests.test_symlink_to_device_source_is_rejected) ... ok
test_unregistered_core_manifest_is_rejected (test_contracts.OwnershipTests.test_unregistered_core_manifest_is_rejected) ... ok
test_unsafe_policy_cannot_be_removed (test_contracts.OwnershipTests.test_unsafe_policy_cannot_be_removed) ... ok

----------------------------------------------------------------------
Ran 20 tests in 0.143s

OK
elapsed_seconds=0.355
