+ /home/runner/work/nodal-fpga/nodal-fpga/.cache/toolchains/jdk/bin/java -XshowSettings:properties -version
Property settings:
    file.encoding = UTF-8
    file.separator = /
    java.class.path = 
    java.class.version = 65.0
    java.home = /home/runner/work/nodal-fpga/nodal-fpga/.cache/toolchains/jdk
    java.io.tmpdir = /tmp
    java.library.path = /usr/java/packages/lib
        /usr/lib64
        /lib64
        /lib
        /usr/lib
    java.runtime.name = OpenJDK Runtime Environment
    java.runtime.version = 21.0.12.1+1-LTS
    java.specification.name = Java Platform API Specification
    java.specification.vendor = Oracle Corporation
    java.specification.version = 21
    java.vendor = Eclipse Adoptium
    java.vendor.url = https://adoptium.net/
    java.vendor.url.bug = https://github.com/adoptium/adoptium-support/issues
    java.vendor.version = Temurin-21.0.12.1+1
    java.version = 21.0.12.1
    java.version.date = 2026-08-18
    java.vm.compressedOopsMode = Zero based
    java.vm.info = mixed mode, sharing
    java.vm.name = OpenJDK 64-Bit Server VM
    java.vm.specification.name = Java Virtual Machine Specification
    java.vm.specification.vendor = Oracle Corporation
    java.vm.specification.version = 21
    java.vm.vendor = Eclipse Adoptium
    java.vm.version = 21.0.12.1+1-LTS
    jdk.debug = release
    line.separator = \n 
    native.encoding = UTF-8
    os.arch = amd64
    os.name = Linux
    os.version = 6.17.0-1022-azure
    path.separator = :
    stderr.encoding = UTF-8
    stdout.encoding = UTF-8
    sun.arch.data.model = 64
    sun.boot.library.path = /home/runner/work/nodal-fpga/nodal-fpga/.cache/toolchains/jdk/lib
    sun.cpu.endian = little
    sun.io.unicode.encoding = UnicodeLittle
    sun.java.launcher = SUN_STANDARD
    sun.jnu.encoding = UTF-8
    sun.management.compiler = HotSpot 64-Bit Tiered Compilers
    user.dir = /home/runner/work/nodal-fpga/nodal-fpga
    user.home = /home/runner
    user.language = en
    user.name = runner

openjdk version "21.0.12.1" 2026-08-18 LTS
OpenJDK Runtime Environment Temurin-21.0.12.1+1 (build 21.0.12.1+1-LTS)
OpenJDK 64-Bit Server VM Temurin-21.0.12.1+1 (build 21.0.12.1+1-LTS, mixed mode, sharing)
elapsed_seconds=0.038
sbt_launcher_sha256=b4c0c55d68f11b1510d884641cb1b1456191dac40ddc958bf86c825adc344e16
