+ /home/runner/work/nodal-fpga/nodal-fpga/.cache/toolchains/jdk/bin/java -XshowSettings:properties -version
Property settings:
    file.encoding = UTF-8
    file.separator = /
    java.class.path = 
    java.class.version = 65.0
    java.home = /home/runner/work/nodal-fpga/nodal-fpga/.cache/toolchains/jdk
    java.io.tmpdir = /tmp
    java.library.path = /usr/java/packages/lib
        /usr/lib64
        /lib64
        /lib
        /usr/lib
    java.runtime.name = OpenJDK Runtime Environment
    java.runtime.version = 21.0.12.1+1-LTS
    java.specification.name = Java Platform API Specification
    java.specification.vendor = Oracle Corporation
    java.specification.version = 21
    java.vendor = Eclipse Adoptium
    java.vendor.url = https://adoptium.net/
    java.vendor.url.bug = https://github.com/adoptium/adoptium-support/issues
    java.vendor.version = Temurin-21.0.12.1+1
    java.version = 21.0.12.1
    java.version.date = 2026-08-18
    java.vm.compressedOopsMode = Zero based
    java.vm.info = mixed mode, sharing
    java.vm.name = OpenJDK 64-Bit Server VM
    java.vm.specification.name = Java Virtual Machine Specification
    java.vm.specification.vendor = Oracle Corporation
    java.vm.specification.version = 21
    java.vm.vendor = Eclipse Adoptium
    java.vm.version = 21.0.12.1+1-LTS
    jdk.debug = release
    line.separator = \n 
    native.encoding = UTF-8
    os.arch = amd64
    os.name = Linux
    os.version = 6.17.0-1022-azure
    path.separator = :
    stderr.encoding = UTF-8
    stdout.encoding = UTF-8
    sun.arch.data.model = 64
    sun.boot.library.path = /home/runner/work/nodal-fpga/nodal-fpga/.cache/toolchains/jdk/lib
    sun.cpu.endian = little
    sun.io.unicode.encoding = UnicodeLittle
    sun.java.launcher = SUN_STANDARD
    sun.jnu.encoding = UTF-8
    sun.management.compiler = HotSpot 64-Bit Tiered Compilers
    user.dir = /home/runner/work/nodal-fpga/nodal-fpga
    user.home = /home/runner
    user.language = en
    user.name = runner

openjdk version "21.0.12.1" 2026-08-18 LTS
OpenJDK Runtime Environment Temurin-21.0.12.1+1 (build 21.0.12.1+1-LTS)
OpenJDK 64-Bit Server VM Temurin-21.0.12.1+1 (build 21.0.12.1+1-LTS, mixed mode, sharing)
elapsed_seconds=0.042
sbt_launcher_sha256=b4c0c55d68f11b1510d884641cb1b1456191dac40ddc958bf86c825adc344e16
+ /home/runner/work/nodal-fpga/nodal-fpga/.cache/toolchains/jdk/bin/java -XX:ActiveProcessorCount=4 -Xmx2g -Dsbt.supershell=false -Dsbt.color=false -Dsbt.log.noformat=true -Dsbt.override.build.repos=true -Dsbt.repository.config=/tmp/nf-reproduce-lakosebp/checkout-0/tools/repositories -jar /home/runner/work/nodal-fpga/nodal-fpga/.cache/toolchains/sbt-launch.jar clean compile run
[info] welcome to sbt 1.12.11 (Eclipse Adoptium Java 21.0.12.1)
[info] loading settings for project scala-build from plugins.sbt...
[info] loading project definition from /tmp/nf-reproduce-lakosebp/checkout-0/frontend/scala/project
[info] loading settings for project root from build.sbt...
[info] set current project to nf-frontend-bootstrap (in build file:/tmp/nf-reproduce-lakosebp/checkout-0/frontend/scala/)
[info] Executing in batch mode. For better performance use sbt's shell
[success] Total time: 0 s, completed Sep 26, 2026, 7:14:08 AM
[info] compiling 1 Scala source to /tmp/nf-reproduce-lakosebp/checkout-0/frontend/scala/target/scala-3.3.8/classes ...
[info] done compiling
[success] Total time: 3 s, completed Sep 26, 2026, 7:14:11 AM
[info] running nodalfpga.bootstrap.BootstrapSmoke 
nodal-fpga/bootstrap/1
frontend=scala3
profile=build-only
[success] Total time: 0 s, completed Sep 26, 2026, 7:14:11 AM
elapsed_seconds=11.596
+ /home/runner/work/nodal-fpga/nodal-fpga/.cache/toolchains/jdk/bin/java -XX:ActiveProcessorCount=4 -Xmx2g -Dsbt.supershell=false -Dsbt.color=false -Dsbt.log.noformat=true -Dsbt.override.build.repos=true -Dsbt.repository.config=/tmp/nf-reproduce-lakosebp/checkout-1/tools/repositories -jar /home/runner/work/nodal-fpga/nodal-fpga/.cache/toolchains/sbt-launch.jar clean compile run
[info] welcome to sbt 1.12.11 (Eclipse Adoptium Java 21.0.12.1)
[info] loading settings for project scala-build from plugins.sbt...
[info] loading project definition from /tmp/nf-reproduce-lakosebp/checkout-1/frontend/scala/project
[info] loading settings for project root from build.sbt...
[info] set current project to nf-frontend-bootstrap (in build file:/tmp/nf-reproduce-lakosebp/checkout-1/frontend/scala/)
[info] Executing in batch mode. For better performance use sbt's shell
[success] Total time: 0 s, completed Sep 26, 2026, 7:14:19 AM
[info] compiling 1 Scala source to /tmp/nf-reproduce-lakosebp/checkout-1/frontend/scala/target/scala-3.3.8/classes ...
[info] done compiling
[success] Total time: 3 s, completed Sep 26, 2026, 7:14:23 AM
[info] running nodalfpga.bootstrap.BootstrapSmoke 
nodal-fpga/bootstrap/1
frontend=scala3
profile=build-only
[success] Total time: 0 s, completed Sep 26, 2026, 7:14:23 AM
elapsed_seconds=11.618
{
  "profile": "scala",
  "clean_builds": 2,
  "stdout": "nodal-fpga/bootstrap/1\nfrontend=scala3\nprofile=build-only\n",
  "stdout_sha256": "74056aabefdbbe5d906f6a6b5c31a19ed841402d43b05461e847ca4aaffdd02a"
}
