#0 building with "default" instance using docker driver

#1 [internal] load build definition from rust.Dockerfile
#1 transferring dockerfile: 275B done
#1 DONE 0.0s

#2 [internal] load metadata for docker.io/library/rust:1.98.1-bookworm
#2 ...

#3 [auth] library/rust:pull token for registry-1.docker.io
#3 DONE 0.0s

#2 [internal] load metadata for docker.io/library/rust:1.98.1-bookworm
#2 DONE 0.8s

#4 [internal] load .dockerignore
#4 transferring context: 2B done
#4 DONE 0.0s

#5 [1/3] FROM docker.io/library/rust:1.98.1-bookworm@sha256:93ce27a88655056a51dbdd8f5f2d7ddc071c7b0070fb288a37b5a285fc83971e
#5 resolve docker.io/library/rust:1.98.1-bookworm@sha256:93ce27a88655056a51dbdd8f5f2d7ddc071c7b0070fb288a37b5a285fc83971e done
#5 DONE 0.0s

#6 [2/3] RUN apt-get update && apt-get install -y --no-install-recommends python3     && rm -rf /var/lib/apt/lists/*
#6 0.185 Get:1 http://deb.debian.org/debian bookworm InRelease [151 kB]
#6 0.211 Get:2 http://deb.debian.org/debian bookworm-updates InRelease [55.4 kB]
#6 0.222 Get:3 http://deb.debian.org/debian-security bookworm-security InRelease [34.8 kB]
#6 0.265 Get:4 http://deb.debian.org/debian bookworm/main amd64 Packages [8790 kB]
#6 0.365 Get:5 http://deb.debian.org/debian bookworm-updates/main amd64 Packages [6924 B]
#6 0.365 Get:6 http://deb.debian.org/debian-security bookworm-security/main amd64 Packages [345 kB]
#6 1.006 Fetched 9383 kB in 1s (10.8 MB/s)
#6 1.006 Reading package lists...
#6 1.340 Reading package lists...
#6 1.663 Building dependency tree...
#6 1.748 Reading state information...
#6 1.843 python3 is already the newest version (3.11.2-1+b1).
#6 1.843 python3 set to manually installed.
#6 1.843 0 upgraded, 0 newly installed, 0 to remove and 5 not upgraded.
#6 DONE 1.9s

#7 [3/3] WORKDIR /work
#7 DONE 0.0s

#8 exporting to image
#8 exporting layers
#8 exporting layers 0.9s done
#8 writing image sha256:06cb05a7d046fa6a916deb209d1f40a308a929b8857ca80efda1c3e4573a683f done
#8 naming to docker.io/library/nf-fnd01-rust done
#8 DONE 0.9s
