unprivileged_uid=1001 absent_frontend_and_sdk_tools=java,javac,scala,scalac,sbt,mill,mlir-opt,circt-opt,llvm-config
Ordinary Rust compiler internal LLVM components remain allowed.
+ /usr/local/cargo/bin/rustup toolchain install 1.98.1 --profile minimal --component rustfmt --component clippy --no-self-update
info: syncing channel updates for 1.98.1-x86_64-unknown-linux-gnu
info: latest update on 2026-09-03 for version 1.98.1 (48a229cea 2026-09-01)
info: downloading 5 components

  1.98.1-x86_64-unknown-linux-gnu installed - rustc 1.98.1 (48a229cea 2026-09-01)

info: default toolchain set to 1.98.1-x86_64-unknown-linux-gnu
elapsed_seconds=7.362
+ /usr/local/cargo/bin/rustc --version
rustc 1.98.1 (48a229cea 2026-09-01)
elapsed_seconds=0.025
+ /usr/local/cargo/bin/cargo --version
cargo 1.98.1 (797e8a9bc 2026-08-05)
elapsed_seconds=0.021
+ /usr/local/cargo/bin/rustfmt --version
rustfmt 1.9.0-stable (48a229ceae 2026-09-01)
elapsed_seconds=0.023
+ /usr/local/cargo/bin/clippy-driver --version
clippy 0.1.98 (48a229ceae 2026-09-01)
elapsed_seconds=0.023
+ /usr/local/cargo/bin/rustc --version
rustc 1.98.1 (48a229cea 2026-09-01)
elapsed_seconds=0.024
+ /usr/local/cargo/bin/cargo --version
cargo 1.98.1 (797e8a9bc 2026-08-05)
elapsed_seconds=0.021
+ /usr/local/cargo/bin/rustfmt --version
rustfmt 1.9.0-stable (48a229ceae 2026-09-01)
elapsed_seconds=0.022
+ /usr/local/cargo/bin/clippy-driver --version
clippy 0.1.98 (48a229ceae 2026-09-01)
elapsed_seconds=0.024
ownership_members=1 core_external_dependencies=0
+ cargo fmt --all -- --check
elapsed_seconds=0.047
+ cargo clippy --locked --offline --workspace --all-targets -- -D warnings
    Checking nf-bootstrap v0.1.0 (/work/core/rust/bootstrap)
    Finished `dev` profile [unoptimized + debuginfo] target(s) in 0.06s
elapsed_seconds=0.103
+ cargo test --locked --offline --workspace --all-targets
   Compiling nf-bootstrap v0.1.0 (/work/core/rust/bootstrap)
    Finished `test` profile [unoptimized + debuginfo] target(s) in 0.10s
     Running unittests src/lib.rs (target/debug/deps/nf_bootstrap-d8cbed9db23d31db)

running 0 tests

test result: ok. 0 passed; 0 failed; 0 ignored; 0 measured; 0 filtered out; finished in 0.00s

     Running unittests examples/identity.rs (target/debug/examples/identity-19ee348a1b714efa)

running 0 tests

test result: ok. 0 passed; 0 failed; 0 ignored; 0 measured; 0 filtered out; finished in 0.00s

elapsed_seconds=0.125
+ cargo test --locked --offline --workspace --doc
    Finished `test` profile [unoptimized + debuginfo] target(s) in 0.00s
   Doc-tests nf_bootstrap

running 1 test
test core/rust/bootstrap/src/lib.rs - (line 6) ... ok

test result: ok. 1 passed; 0 failed; 0 ignored; 0 measured; 0 filtered out; finished in 0.00s

all doctests ran in 0.11s; merged doctests compilation took 0.11s
elapsed_seconds=0.151
+ cargo metadata --locked --offline --format-version 1
{"packages":[{"name":"nf-bootstrap","version":"0.1.0","id":"path+file:///work/core/rust/bootstrap#nf-bootstrap@0.1.0","license":null,"license_file":null,"description":"Build-only bootstrap witness; no FPGA semantics or generation","source":null,"dependencies":[],"targets":[{"kind":["lib"],"crate_types":["lib"],"name":"nf_bootstrap","src_path":"/work/core/rust/bootstrap/src/lib.rs","edition":"2024","doc":true,"doctest":true,"test":true},{"kind":["example"],"crate_types":["bin"],"name":"identity","src_path":"/work/core/rust/bootstrap/examples/identity.rs","edition":"2024","doc":false,"doctest":false,"test":false}],"features":{},"manifest_path":"/work/core/rust/bootstrap/Cargo.toml","metadata":null,"publish":[],"authors":[],"categories":[],"keywords":[],"readme":null,"repository":null,"homepage":null,"documentation":null,"edition":"2024","links":null,"default_run":null,"rust_version":"1.98"}],"workspace_members":["path+file:///work/core/rust/bootstrap#nf-bootstrap@0.1.0"],"workspace_default_members":["path+file:///work/core/rust/bootstrap#nf-bootstrap@0.1.0"],"resolve":{"nodes":[{"id":"path+file:///work/core/rust/bootstrap#nf-bootstrap@0.1.0","dependencies":[],"deps":[],"features":[]}],"root":null},"target_directory":"/work/target","build_directory":"/work/target","version":1,"workspace_root":"/work","metadata":null}
elapsed_seconds=0.028
+ /usr/local/cargo/bin/rustc --version
rustc 1.98.1 (48a229cea 2026-09-01)
elapsed_seconds=0.024
+ /usr/local/cargo/bin/cargo --version
cargo 1.98.1 (797e8a9bc 2026-08-05)
elapsed_seconds=0.021
+ /usr/local/cargo/bin/rustfmt --version
rustfmt 1.9.0-stable (48a229ceae 2026-09-01)
elapsed_seconds=0.022
+ /usr/local/cargo/bin/clippy-driver --version
clippy 0.1.98 (48a229ceae 2026-09-01)
elapsed_seconds=0.023
+ cargo build --locked --offline --example identity
   Compiling nf-bootstrap v0.1.0 (/tmp/nf-reproduce-2rvvh9tp/checkout-0/core/rust/bootstrap)
    Finished `dev` profile [unoptimized + debuginfo] target(s) in 0.09s
elapsed_seconds=0.111
+ ldd /tmp/nf-reproduce-2rvvh9tp/checkout-0/target/debug/examples/identity
	linux-vdso.so.1 (0x00007f6e80720000)
	libgcc_s.so.1 => /lib/x86_64-linux-gnu/libgcc_s.so.1 (0x00007f6e80699000)
	libc.so.6 => /lib/x86_64-linux-gnu/libc.so.6 (0x00007f6e804b7000)
	/lib64/ld-linux-x86-64.so.2 (0x00007f6e80722000)
elapsed_seconds=0.004
+ cargo build --locked --offline --example identity
   Compiling nf-bootstrap v0.1.0 (/tmp/nf-reproduce-2rvvh9tp/checkout-1/core/rust/bootstrap)
    Finished `dev` profile [unoptimized + debuginfo] target(s) in 0.08s
elapsed_seconds=0.111
+ ldd /tmp/nf-reproduce-2rvvh9tp/checkout-1/target/debug/examples/identity
	linux-vdso.so.1 (0x00007fdba57bd000)
	libgcc_s.so.1 => /lib/x86_64-linux-gnu/libgcc_s.so.1 (0x00007fdba5736000)
	libc.so.6 => /lib/x86_64-linux-gnu/libc.so.6 (0x00007fdba5554000)
	/lib64/ld-linux-x86-64.so.2 (0x00007fdba57bf000)
elapsed_seconds=0.004
{
  "profile": "rust",
  "clean_builds": 2,
  "stdout": "nodal-fpga/bootstrap/1\nprofile=build-only\n",
  "stdout_sha256": "60a627efa85a969c4628f3a7f13820e8f96c00d65bffb492029f707d5529faab"
}
